../Core/Src/main.c:68:6:send_to_nodeMCU	32	static
../Core/Src/main.c:82:5:main	392	static
../Core/Src/main.c:183:6:SystemClock_Config	88	static
../Core/Src/main.c:230:13:MX_ADC1_Init	56	static
../Core/Src/main.c:326:13:MX_USART1_UART_Init	8	static
../Core/Src/main.c:359:13:MX_USART2_UART_Init	8	static
../Core/Src/main.c:390:13:MX_DMA_Init	16	static
../Core/Src/main.c:408:13:MX_GPIO_Init	48	static
../Core/Src/main.c:441:6:HAL_ADC_ConvCpltCallback	16	static
../Core/Src/main.c:450:6:Error_Handler	4	static,ignoring_inline_asm
